≡ƒñû Automating Pragya 360┬░ Employability Assessment...

≡ƒöæ Logging in...
Γ£à Logged in successfully.

≡ƒôï Fetching available assessments...
node.exe : Γ¥î Error in automation script:
At C:\Program Files\nodejs\npx.ps1:29 char:3
+   & $NODE_EXE $NPX_CLI_JS $args
+   ~~~~~~~~~~~~~~~~~~~~~~~~~~~~~
    + CategoryInfo          : NotSpecified: (Γ¥î Error in auto 
   mation script::String) [], RemoteException
    + FullyQualifiedErrorId : NativeCommandError
 
{
  success: false,
  statusCode: 401,
  message: 'Unauthorized',
  error: 'INTERNAL_ERROR',
  timestamp: '2026-02-23T14:56:18.064Z',
  path: '/api/v1/assessments',
  correlationId: '45b2d8f0-31ae-4023-aae6-56010e050234',
  stack: 'UnauthorizedException: Unauthorized\n' +
    '    at JwtAuthGuard.handleRequest 
(C:\\Users\\lenovo\\Desktop\\Vision Circuit LAbs\\Pragya\\Pragy
a2\\node_modules\\@nestjs\\passport\\dist\\auth.guard.js:60:30)
\n' +
    '    at C:\\Users\\lenovo\\Desktop\\Vision Circuit LAbs\\Pr
agya\\Pragya2\\node_modules\\@nestjs\\passport\\dist\\auth.guar
d.js:44:124\n' +
    '    at C:\\Users\\lenovo\\Desktop\\Vision Circuit LAbs\\Pr
agya\\Pragya2\\node_modules\\@nestjs\\passport\\dist\\auth.guar
d.js:83:24\n' +
    '    at allFailed (C:\\Users\\lenovo\\Desktop\\Vision 
Circuit LAbs\\Pragya\\Pragya2\\node_modules\\passport\\lib\\mid
dleware\\authenticate.js:110:18)\n' +
    '    at attempt (C:\\Users\\lenovo\\Desktop\\Vision 
Circuit LAbs\\Pragya\\Pragya2\\node_modules\\passport\\lib\\mid
dleware\\authenticate.js:183:28)\n' +
    '    at strategy.fail (C:\\Users\\lenovo\\Desktop\\Vision 
Circuit LAbs\\Pragya\\Pragya2\\node_modules\\passport\\lib\\mid
dleware\\authenticate.js:314:9)\n' +
    '    at C:\\Users\\lenovo\\Desktop\\Vision Circuit LAbs\\Pr
agya\\Pragya2\\node_modules\\passport-jwt\\lib\\strategy.js:106
:33\n' +
    '    at module.exports [as verify] 
(C:\\Users\\lenovo\\Desktop\\Vision Circuit LAbs\\Pragya\\Pragy
a2\\node_modules\\jsonwebtoken\\verify.js:70:12)\n' +
    '    at module.exports [as JwtVerifier] 
(C:\\Users\\lenovo\\Desktop\\Vision Circuit LAbs\\Pragya\\Pragy
a2\\node_modules\\passport-jwt\\lib\\verify_jwt.js:4:16)\n' +
    '    at C:\\Users\\lenovo\\Desktop\\Vision Circuit LAbs\\Pr
agya\\Pragya2\\node_modules\\passport-jwt\\lib\\strategy.js:104
:25'
}
