src/ai-analysis/ai-analysis.service.ts(389,17): error TS2322: Type '{ professionalPersona: { title: string; description: string; superpower: string; } | undefined; performanceDimensions: { cognitiveAgility: PerformanceDimension; professionalReadiness: PerformanceDimension; careerAlignment: PerformanceDimension; interpersonalImpact: PerformanceDimension; growthTrajectory: Performance...' is not assignable to type 'NullableJsonNullValueInput | InputJsonValue | undefined'.
  Types of property 'performanceDimensions' are incompatible.
    Type '{ cognitiveAgility: PerformanceDimension; professionalReadiness: PerformanceDimension; careerAlignment: PerformanceDimension; interpersonalImpact: PerformanceDimension; growthTrajectory: PerformanceDimension; } | undefined' is not assignable to type 'InputJsonValue | null | undefined'.
      Type '{ cognitiveAgility: PerformanceDimension; professionalReadiness: PerformanceDimension; careerAlignment: PerformanceDimension; interpersonalImpact: PerformanceDimension; growthTrajectory: PerformanceDimension; }' is not assignable to type 'InputJsonValue | null | undefined'.
        Type '{ cognitiveAgility: PerformanceDimension; professionalReadiness: PerformanceDimension; careerAlignment: PerformanceDimension; interpersonalImpact: PerformanceDimension; growthTrajectory: PerformanceDimension; }' is not assignable to type 'InputJsonObject'.
          Property 'cognitiveAgility' is incompatible with index signature.
            Type 'PerformanceDimension' is not assignable to type 'InputJsonValue | null | undefined'.
              Type 'PerformanceDimension' is not assignable to type 'InputJsonObject'.
                Index signature for type 'string' is missing in type 'PerformanceDimension'.
